exports[`SelectBox-1 1`] = `
<div
  className="AutoUI_ui_SelectBox-31"
  style={
    Object {
      "width": "300px",
    }
  }>
  <div
    className="AutoUI_ui_Dropdown-17 AutoUI_typo-170 AutoUI_typo-53 AutoUI_typo-40 AutoUI_ui_SelectBox-37"
    onMouseEnter={false}
    onMouseLeave={false}>
    <div
      className="AutoUI_ui_Dropdown-24 ">
      
      <span
        className="AutoUI_ui_Dropdown-42">
        <div
<<<<<<< HEAD
          className="AutoUI_ui_SelectBox-83">
          <div
            className="AutoUI_ui_SelectBox-94">
=======
          className="AutoUI_ui_SelectBox-96">
          <div
            className="AutoUI_ui_SelectBox-107">
>>>>>>> Add clear click functionality and fix bug on lists filter (#222)
            <svg
              height="17px"
              viewBox="0 0 16 17"
              width="16px">
              <g
                fill="none"
                fillRule="evenodd"
                stroke="none"
                strokeWidth="1">
                <circle
                  className="AutoUI_ui_SvgIcon-35 AutoUI_ui_SvgIcon-62"
                  cx="7.5"
                  cy="7.5"
                  r="6.5" />
                <path
                  className="AutoUI_ui_SvgIcon-35 AutoUI_ui_SvgIcon-62"
                  d="M11.7538745,12.6062275 L15.5,16.5"
                  strokeLinecap="square" />
              </g>
            </svg>
          </div>
          <div>
            <input
              aria-labelledby="label-search"
              autoComplete="off"
<<<<<<< HEAD
              className="AutoUI_typo-181 AutoUI_typo-53 AutoUI_typo-40 AutoUI_forms_InputField-87 AutoUI_ui_SelectBox-88"
=======
              className="AutoUI_typo-181 AutoUI_typo-53 AutoUI_typo-40 AutoUI_forms_InputField-87 AutoUI_ui_SelectBox-101"
>>>>>>> Add clear click functionality and fix bug on lists filter (#222)
              id="search"
              name="search"
              placeholder="Search"
              required={false}
              type="text"
              value="" />
          </div>
        </div>
      </span>
    </div>
    <div
      className="AutoUI_ui_Dropdown-52     ">
      <div
<<<<<<< HEAD
        className="AutoUI_ui_SelectBox-154">
        <ul
          className="AutoUI_ui_SelectBox-136 false"
=======
        className="AutoUI_ui_SelectBox-171">
        <ul
          className="AutoUI_ui_SelectBox-153 false"
>>>>>>> Add clear click functionality and fix bug on lists filter (#222)
          style={
            Object {
              "height": "auto",
              "maxHeight": "180px",
              "width": "300px",
            }
          }>
          
          <li
<<<<<<< HEAD
            className="AutoUI_ui_SelectBox-158 AutoUI_typo-170 AutoUI_typo-53 AutoUI_typo-40 AutoUI_ui_SelectBox-187 ">
            <div
              className="AutoUI_ui_SelectBox-176 AutoUI_ui_SelectBox-183">
=======
            className="AutoUI_ui_SelectBox-175 AutoUI_typo-170 AutoUI_typo-53 AutoUI_typo-40 AutoUI_ui_SelectBox-204 ">
            <div
              className="AutoUI_ui_SelectBox-193 AutoUI_ui_SelectBox-200">
>>>>>>> Add clear click functionality and fix bug on lists filter (#222)
              <div
                className="AutoUI_forms_InputField-78">
                <label
                  id="label-registered">
                  <div
                    className="AutoUI_forms_InputField-78">
                    <label
                      className="AutoUI_forms_InputField-69 AutoUI_typo-170 AutoUI_typo-53 AutoUI_typo-40">
                      <input
                        aria-labelledby="label-registered"
                        checked={true}
                        className="AutoUI_typo-181 AutoUI_typo-53 AutoUI_typo-40 AutoUI_forms_InputField-87 AutoUI_forms_InputField-122 "
                        id="registered"
                        name="registered"
                        required={false}
                        type="checkbox" />
                      <span
                        className="AutoUI_forms_InputField-135" />
                      registered
                    </label>
                  </div>
                </label>
              </div>
              <span
<<<<<<< HEAD
                className="AutoUI_ui_SelectBox-215" />
            </div>
          </li>
          <li
            className="AutoUI_ui_SelectBox-158 AutoUI_typo-170 AutoUI_typo-53 AutoUI_typo-40 AutoUI_ui_SelectBox-187 ">
            <div
              className="AutoUI_ui_SelectBox-176 AutoUI_ui_SelectBox-183">
=======
                className="AutoUI_ui_SelectBox-232" />
            </div>
          </li>
          <li
            className="AutoUI_ui_SelectBox-175 AutoUI_typo-170 AutoUI_typo-53 AutoUI_typo-40 AutoUI_ui_SelectBox-204 ">
            <div
              className="AutoUI_ui_SelectBox-193 AutoUI_ui_SelectBox-200">
>>>>>>> Add clear click functionality and fix bug on lists filter (#222)
              <div
                className="AutoUI_forms_InputField-78">
                <label
                  id="label-portfolio-building">
                  <div
                    className="AutoUI_forms_InputField-78">
                    <label
                      className="AutoUI_forms_InputField-69 AutoUI_typo-170 AutoUI_typo-53 AutoUI_typo-40">
                      <input
                        aria-labelledby="label-portfolio-building"
                        checked={true}
                        className="AutoUI_typo-181 AutoUI_typo-53 AutoUI_typo-40 AutoUI_forms_InputField-87 AutoUI_forms_InputField-122 "
                        id="portfolio-building"
                        name="portfolio-building"
                        required={false}
                        type="checkbox" />
                      <span
                        className="AutoUI_forms_InputField-135" />
                      portfolio-building
                    </label>
                  </div>
                </label>
              </div>
              <span
<<<<<<< HEAD
                className="AutoUI_ui_SelectBox-215" />
            </div>
          </li>
          <li
            className="AutoUI_ui_SelectBox-158 AutoUI_typo-170 AutoUI_typo-53 AutoUI_typo-40 AutoUI_ui_SelectBox-187 ">
            <div
              className="AutoUI_ui_SelectBox-176 AutoUI_ui_SelectBox-183">
=======
                className="AutoUI_ui_SelectBox-232" />
            </div>
          </li>
          <li
            className="AutoUI_ui_SelectBox-175 AutoUI_typo-170 AutoUI_typo-53 AutoUI_typo-40 AutoUI_ui_SelectBox-204 ">
            <div
              className="AutoUI_ui_SelectBox-193 AutoUI_ui_SelectBox-200">
>>>>>>> Add clear click functionality and fix bug on lists filter (#222)
              <div
                className="AutoUI_forms_InputField-78">
                <label
                  id="label-portfolio-review">
                  <div
                    className="AutoUI_forms_InputField-78">
                    <label
                      className="AutoUI_forms_InputField-69 AutoUI_typo-170 AutoUI_typo-53 AutoUI_typo-40">
                      <input
                        aria-labelledby="label-portfolio-review"
                        checked={true}
                        className="AutoUI_typo-181 AutoUI_typo-53 AutoUI_typo-40 AutoUI_forms_InputField-87 AutoUI_forms_InputField-122 "
                        id="portfolio-review"
                        name="portfolio-review"
                        required={false}
                        type="checkbox" />
                      <span
                        className="AutoUI_forms_InputField-135" />
                      portfolio-review
                    </label>
                  </div>
                </label>
              </div>
              <span
<<<<<<< HEAD
                className="AutoUI_ui_SelectBox-215" />
            </div>
          </li>
          <li
            className="AutoUI_ui_SelectBox-158 AutoUI_typo-170 AutoUI_typo-53 AutoUI_typo-40 AutoUI_ui_SelectBox-187 ">
            <div
              className="AutoUI_ui_SelectBox-176 AutoUI_ui_SelectBox-183">
=======
                className="AutoUI_ui_SelectBox-232" />
            </div>
          </li>
          <li
            className="AutoUI_ui_SelectBox-175 AutoUI_typo-170 AutoUI_typo-53 AutoUI_typo-40 AutoUI_ui_SelectBox-204 ">
            <div
              className="AutoUI_ui_SelectBox-193 AutoUI_ui_SelectBox-200">
>>>>>>> Add clear click functionality and fix bug on lists filter (#222)
              <div
                className="AutoUI_forms_InputField-78">
                <label
                  id="label-social-media-screen">
                  <div
                    className="AutoUI_forms_InputField-78">
                    <label
                      className="AutoUI_forms_InputField-69 AutoUI_typo-170 AutoUI_typo-53 AutoUI_typo-40">
                      <input
                        aria-labelledby="label-social-media-screen"
                        checked={true}
                        className="AutoUI_typo-181 AutoUI_typo-53 AutoUI_typo-40 AutoUI_forms_InputField-87 AutoUI_forms_InputField-122 "
                        id="social-media-screen"
                        name="social-media-screen"
                        required={false}
                        type="checkbox" />
                      <span
                        className="AutoUI_forms_InputField-135" />
                      social-media-screen
                    </label>
                  </div>
                </label>
              </div>
              <span
<<<<<<< HEAD
                className="AutoUI_ui_SelectBox-215" />
            </div>
          </li>
          <li
            className="AutoUI_ui_SelectBox-158 AutoUI_typo-170 AutoUI_typo-53 AutoUI_typo-40 AutoUI_ui_SelectBox-187 ">
            <div
              className="AutoUI_ui_SelectBox-176 AutoUI_ui_SelectBox-183">
=======
                className="AutoUI_ui_SelectBox-232" />
            </div>
          </li>
          <li
            className="AutoUI_ui_SelectBox-175 AutoUI_typo-170 AutoUI_typo-53 AutoUI_typo-40 AutoUI_ui_SelectBox-204 ">
            <div
              className="AutoUI_ui_SelectBox-193 AutoUI_ui_SelectBox-200">
>>>>>>> Add clear click functionality and fix bug on lists filter (#222)
              <div
                className="AutoUI_forms_InputField-78">
                <label
                  id="label-react-shortlist">
                  <div
                    className="AutoUI_forms_InputField-78">
                    <label
                      className="AutoUI_forms_InputField-69 AutoUI_typo-170 AutoUI_typo-53 AutoUI_typo-40">
                      <input
                        aria-labelledby="label-react-shortlist"
                        checked={false}
                        className="AutoUI_typo-181 AutoUI_typo-53 AutoUI_typo-40 AutoUI_forms_InputField-87 AutoUI_forms_InputField-122 "
                        id="react-shortlist"
                        name="react-shortlist"
                        required={false}
                        type="checkbox" />
                      <span
                        className="AutoUI_forms_InputField-135" />
                      react-shortlist
                    </label>
                  </div>
                </label>
              </div>
              <span
<<<<<<< HEAD
                className="AutoUI_ui_SelectBox-215" />
=======
                className="AutoUI_ui_SelectBox-232" />
>>>>>>> Add clear click functionality and fix bug on lists filter (#222)
            </div>
          </li>
        </ul>
      </div>
    </div>
  </div>
</div>
`;
